Archive member included to satisfy reference by file (symbol)

../lib//libpackage.a(button.o)
                              detection.o (_Z15isButtonPressedPVhh)
../lib//libpackage.a(can.o)   detection.o (_ZN3canC1Ev)
../lib//libpackage.a(led.o)   detection.o (_ZN3LedC1EPVhS1_hh)
../lib//libpackage.a(pwm.o)   detection.o (_ZN3PWM8ajustPWMEff)
../lib//libpackage.a(memoire_24.o)
                              detection.o (_ZN13Memoire24CXXXD1Ev)
../lib//libpackage.a(debug.o)
                              detection.o (_Z10printDebugPKc)
../lib//libpackage.a(piezo.o)
                              detection.o (_ZN5Piezo9playSoundEh)
/usr/lib/gcc/avr/11.2.0/avr5/libgcc.a(_exit.o)
                              /usr/lib/gcc/avr/11.2.0/../../../../avr/lib/avr5/crtatmega324pa.o (exit)
/usr/lib/gcc/avr/11.2.0/avr5/libgcc.a(_tablejump2.o)
                              detection.o (__tablejump2__)
/usr/lib/gcc/avr/11.2.0/avr5/libgcc.a(_copy_data.o)
                              detection.o (__do_copy_data)
/usr/lib/gcc/avr/11.2.0/avr5/libgcc.a(_clear_bss.o)
                              detection.o (__do_clear_bss)
/usr/lib/gcc/avr/11.2.0/../../../../avr/lib/avr5/libm.a(addsf3.o)
                              ../lib//libpackage.a(piezo.o) (__subsf3)
/usr/lib/gcc/avr/11.2.0/../../../../avr/lib/avr5/libm.a(addsf3x.o)
                              /usr/lib/gcc/avr/11.2.0/../../../../avr/lib/avr5/libm.a(addsf3.o) (__addsf3x)
/usr/lib/gcc/avr/11.2.0/../../../../avr/lib/avr5/libm.a(divsf3.o)
                              ../lib//libpackage.a(pwm.o) (__divsf3)
/usr/lib/gcc/avr/11.2.0/../../../../avr/lib/avr5/libm.a(divsf3x.o)
                              /usr/lib/gcc/avr/11.2.0/../../../../avr/lib/avr5/libm.a(divsf3.o) (__divsf3x)
/usr/lib/gcc/avr/11.2.0/../../../../avr/lib/avr5/libm.a(fixunssfsi.o)
                              ../lib//libpackage.a(pwm.o) (__fixunssfsi)
/usr/lib/gcc/avr/11.2.0/../../../../avr/lib/avr5/libm.a(floatsisf.o)
                              ../lib//libpackage.a(pwm.o) (__floatunsisf)
/usr/lib/gcc/avr/11.2.0/../../../../avr/lib/avr5/libm.a(fp_inf.o)
                              /usr/lib/gcc/avr/11.2.0/../../../../avr/lib/avr5/libm.a(addsf3x.o) (__fp_inf)
/usr/lib/gcc/avr/11.2.0/../../../../avr/lib/avr5/libm.a(fp_nan.o)
                              /usr/lib/gcc/avr/11.2.0/../../../../avr/lib/avr5/libm.a(addsf3x.o) (__fp_nan)
/usr/lib/gcc/avr/11.2.0/../../../../avr/lib/avr5/libm.a(fp_pscA.o)
                              /usr/lib/gcc/avr/11.2.0/../../../../avr/lib/avr5/libm.a(addsf3x.o) (__fp_pscA)
/usr/lib/gcc/avr/11.2.0/../../../../avr/lib/avr5/libm.a(fp_pscB.o)
                              /usr/lib/gcc/avr/11.2.0/../../../../avr/lib/avr5/libm.a(addsf3x.o) (__fp_pscB)
/usr/lib/gcc/avr/11.2.0/../../../../avr/lib/avr5/libm.a(fp_round.o)
                              /usr/lib/gcc/avr/11.2.0/../../../../avr/lib/avr5/libm.a(addsf3.o) (__fp_round)
/usr/lib/gcc/avr/11.2.0/../../../../avr/lib/avr5/libm.a(fp_split3.o)
                              /usr/lib/gcc/avr/11.2.0/../../../../avr/lib/avr5/libm.a(addsf3x.o) (__fp_split3)
/usr/lib/gcc/avr/11.2.0/../../../../avr/lib/avr5/libm.a(fp_zero.o)
                              /usr/lib/gcc/avr/11.2.0/../../../../avr/lib/avr5/libm.a(addsf3x.o) (__fp_zero)
/usr/lib/gcc/avr/11.2.0/../../../../avr/lib/avr5/libm.a(mulsf3.o)
                              ../lib//libpackage.a(pwm.o) (__mulsf3)
/usr/lib/gcc/avr/11.2.0/../../../../avr/lib/avr5/libm.a(mulsf3x.o)
                              /usr/lib/gcc/avr/11.2.0/../../../../avr/lib/avr5/libm.a(mulsf3.o) (__mulsf3x)
/usr/lib/gcc/avr/11.2.0/../../../../avr/lib/avr5/libc.a(sprintf.o)
                              detection.o (sprintf)
/usr/lib/gcc/avr/11.2.0/../../../../avr/lib/avr5/libc.a(vfprintf_std.o)
                              /usr/lib/gcc/avr/11.2.0/../../../../avr/lib/avr5/libc.a(sprintf.o) (vfprintf)
/usr/lib/gcc/avr/11.2.0/../../../../avr/lib/avr5/libc.a(strnlen_P.o)
                              /usr/lib/gcc/avr/11.2.0/../../../../avr/lib/avr5/libc.a(vfprintf_std.o) (strnlen_P)
/usr/lib/gcc/avr/11.2.0/../../../../avr/lib/avr5/libc.a(strnlen.o)
                              /usr/lib/gcc/avr/11.2.0/../../../../avr/lib/avr5/libc.a(vfprintf_std.o) (strnlen)
/usr/lib/gcc/avr/11.2.0/../../../../avr/lib/avr5/libc.a(fputc.o)
                              /usr/lib/gcc/avr/11.2.0/../../../../avr/lib/avr5/libc.a(vfprintf_std.o) (fputc)
/usr/lib/gcc/avr/11.2.0/../../../../avr/lib/avr5/libc.a(ultoa_invert.o)
                              /usr/lib/gcc/avr/11.2.0/../../../../avr/lib/avr5/libc.a(vfprintf_std.o) (__ultoa_invert)
/usr/lib/gcc/avr/11.2.0/avr5/libgcc.a(_prologue.o)
                              /usr/lib/gcc/avr/11.2.0/../../../../avr/lib/avr5/libc.a(sprintf.o) (__prologue_saves__)
/usr/lib/gcc/avr/11.2.0/avr5/libgcc.a(_epilogue.o)
                              /usr/lib/gcc/avr/11.2.0/../../../../avr/lib/avr5/libc.a(sprintf.o) (__epilogue_restores__)

Memory Configuration

Name             Origin             Length             Attributes
text             0x0000000000000000 0x0000000000008000 xr
data             0x0000000000800060 0x0000000000000800 rw !x
eeprom           0x0000000000810000 0x0000000000000400 rw !x
fuse             0x0000000000820000 0x0000000000000003 rw !x
lock             0x0000000000830000 0x0000000000000400 rw !x
signature        0x0000000000840000 0x0000000000000400 rw !x
user_signatures  0x0000000000850000 0x0000000000000400 rw !x
*default*        0x0000000000000000 0xffffffffffffffff

Linker script and memory map

Address of section .data set to 0x800100
LOAD /usr/lib/gcc/avr/11.2.0/../../../../avr/lib/avr5/crtatmega324pa.o
LOAD ../lib//libpackage.a
LOAD detection.o
LOAD /usr/lib/gcc/avr/11.2.0/../../../../avr/lib/avr5/libm.a
LOAD ../lib//libpackage.a
START GROUP
LOAD /usr/lib/gcc/avr/11.2.0/avr5/libgcc.a
LOAD /usr/lib/gcc/avr/11.2.0/../../../../avr/lib/avr5/libm.a
LOAD /usr/lib/gcc/avr/11.2.0/../../../../avr/lib/avr5/libc.a
LOAD /usr/lib/gcc/avr/11.2.0/../../../../avr/lib/avr5/libatmega324pa.a
END GROUP
                [0x0000000000008000]                __TEXT_REGION_LENGTH__ = DEFINED (__TEXT_REGION_LENGTH__)?__TEXT_REGION_LENGTH__:0x20000
                [0x0000000000000800]                __DATA_REGION_LENGTH__ = DEFINED (__DATA_REGION_LENGTH__)?__DATA_REGION_LENGTH__:0xffa0
                [0x0000000000000400]                __EEPROM_REGION_LENGTH__ = DEFINED (__EEPROM_REGION_LENGTH__)?__EEPROM_REGION_LENGTH__:0x10000
                [0x0000000000000003]                __FUSE_REGION_LENGTH__ = DEFINED (__FUSE_REGION_LENGTH__)?__FUSE_REGION_LENGTH__:0x400
                0x0000000000000400                __LOCK_REGION_LENGTH__ = DEFINED (__LOCK_REGION_LENGTH__)?__LOCK_REGION_LENGTH__:0x400
                0x0000000000000400                __SIGNATURE_REGION_LENGTH__ = DEFINED (__SIGNATURE_REGION_LENGTH__)?__SIGNATURE_REGION_LENGTH__:0x400
                0x0000000000000400                __USER_SIGNATURE_REGION_LENGTH__ = DEFINED (__USER_SIGNATURE_REGION_LENGTH__)?__USER_SIGNATURE_REGION_LENGTH__:0x400

.hash
 *(.hash)

.dynsym
 *(.dynsym)

.dynstr
 *(.dynstr)

.gnu.version
 *(.gnu.version)

.gnu.version_d
 *(.gnu.version_d)

.gnu.version_r
 *(.gnu.version_r)

.rel.init
 *(.rel.init)

.rela.init
 *(.rela.init)

.rel.text
 *(.rel.text)
 *(.rel.text.*)
 *(.rel.gnu.linkonce.t*)

.rela.text
 *(.rela.text)
 *(.rela.text.*)
 *(.rela.gnu.linkonce.t*)

.rel.fini
 *(.rel.fini)

.rela.fini
 *(.rela.fini)

.rel.rodata
 *(.rel.rodata)
 *(.rel.rodata.*)
 *(.rel.gnu.linkonce.r*)

.rela.rodata
 *(.rela.rodata)
 *(.rela.rodata.*)
 *(.rela.gnu.linkonce.r*)

.rel.data
 *(.rel.data)
 *(.rel.data.*)
 *(.rel.gnu.linkonce.d*)

.rela.data
 *(.rela.data)
 *(.rela.data.*)
 *(.rela.gnu.linkonce.d*)

.rel.ctors
 *(.rel.ctors)

.rela.ctors
 *(.rela.ctors)

.rel.dtors
 *(.rel.dtors)

.rela.dtors
 *(.rela.dtors)

.rel.got
 *(.rel.got)

.rela.got
 *(.rela.got)

.rel.bss
 *(.rel.bss)

.rela.bss
 *(.rela.bss)

.rel.plt
 *(.rel.plt)

.rela.plt
 *(.rela.plt)

.text           0x0000000000000000     0x1cc0
 *(.vectors)
 .vectors       0x0000000000000000       0x7c /usr/lib/gcc/avr/11.2.0/../../../../avr/lib/avr5/crtatmega324pa.o
                0x0000000000000000                __vectors
                0x0000000000000000                __vector_default
 *(.vectors)
 *(.progmem.gcc*)
                0x000000000000007c                . = ALIGN (0x2)
                0x000000000000007c                __trampolines_start = .
 *(.trampolines)
 .trampolines   0x000000000000007c        0x0 linker stubs
 *(.trampolines*)
                0x000000000000007c                __trampolines_end = .
 *libprintf_flt.a:*(.progmem.data)
 *libc.a:*(.progmem.data)
 *(.progmem.*)
                0x000000000000007c                . = ALIGN (0x2)
 *(.lowtext)
 *(.lowtext*)
                0x000000000000007c                __ctors_start = .
 *(.ctors)
                0x000000000000007c                __ctors_end = .
                0x000000000000007c                __dtors_start = .
 *(.dtors)
                0x000000000000007c                __dtors_end = .
 SORT_BY_NAME(*)(.ctors)
 SORT_BY_NAME(*)(.dtors)
 *(.init0)
 .init0         0x000000000000007c        0x0 /usr/lib/gcc/avr/11.2.0/../../../../avr/lib/avr5/crtatmega324pa.o
                0x000000000000007c                __init
 *(.init0)
 *(.init1)
 *(.init1)
 *(.init2)
 .init2         0x000000000000007c        0xc /usr/lib/gcc/avr/11.2.0/../../../../avr/lib/avr5/crtatmega324pa.o
 *(.init2)
 *(.init3)
 *(.init3)
 *(.init4)
 .init4         0x0000000000000088       0x16 /usr/lib/gcc/avr/11.2.0/avr5/libgcc.a(_copy_data.o)
                0x0000000000000088                __do_copy_data
 .init4         0x000000000000009e       0x10 /usr/lib/gcc/avr/11.2.0/avr5/libgcc.a(_clear_bss.o)
                0x000000000000009e                __do_clear_bss
 *(.init4)
 *(.init5)
 *(.init5)
 *(.init6)
 *(.init6)
 *(.init7)
 *(.init7)
 *(.init8)
 *(.init8)
 *(.init9)
 .init9         0x00000000000000ae        0x8 /usr/lib/gcc/avr/11.2.0/../../../../avr/lib/avr5/crtatmega324pa.o
 *(.init9)
 *(.text)
 .text          0x00000000000000b6        0x4 /usr/lib/gcc/avr/11.2.0/../../../../avr/lib/avr5/crtatmega324pa.o
                0x00000000000000b6                __vector_22
                0x00000000000000b6                __vector_28
                0x00000000000000b6                __vector_1
                0x00000000000000b6                __vector_24
                0x00000000000000b6                __vector_12
                0x00000000000000b6                __bad_interrupt
                0x00000000000000b6                __vector_6
                0x00000000000000b6                __vector_23
                0x00000000000000b6                __vector_30
                0x00000000000000b6                __vector_25
                0x00000000000000b6                __vector_11
                0x00000000000000b6                __vector_13
                0x00000000000000b6                __vector_17
                0x00000000000000b6                __vector_19
                0x00000000000000b6                __vector_7
                0x00000000000000b6                __vector_27
                0x00000000000000b6                __vector_5
                0x00000000000000b6                __vector_4
                0x00000000000000b6                __vector_9
                0x00000000000000b6                __vector_2
                0x00000000000000b6                __vector_21
                0x00000000000000b6                __vector_15
                0x00000000000000b6                __vector_29
                0x00000000000000b6                __vector_8
                0x00000000000000b6                __vector_26
                0x00000000000000b6                __vector_14
                0x00000000000000b6                __vector_10
                0x00000000000000b6                __vector_16
                0x00000000000000b6                __vector_18
                0x00000000000000b6                __vector_20
 .text          0x00000000000000ba      0x768 detection.o
                0x00000000000000ba                __vector_3
                0x00000000000000e4                _ZN9DetectionC1Ev
                0x00000000000000e4                _ZN9DetectionC2Ev
                0x000000000000014c                _ZN9Detection19waitFacingDirectionEv
                0x00000000000001b2                _ZN9Detection8savePoleEh
                0x0000000000000248                _ZN9Detection12getValuePoleEv
                0x00000000000002b2                _ZN9Detection9readValueEv
                0x0000000000000354                _ZN9Detection16findPolePositionEv
                0x00000000000003b2                _ZN9Detection8findPoleEv
                0x00000000000003ea                _ZN9Detection11turn45RightEv
                0x000000000000049c                _ZN9Detection10moveToPoleEv
                0x00000000000005a0                _ZN9Detection10searchPoleEv
                0x00000000000006f2                _ZN9Detection21executeDetectionStateEv
                0x0000000000000740                _ZN9Detection18writePolesInMemoryEv
                0x0000000000000780                _ZN9Detection13declareFinishEv
                0x000000000000080c                _Z14initialisationv
 .text          0x0000000000000822       0xdc ../lib//libpackage.a(button.o)
                0x0000000000000822                _Z21setButtonInterruptionh
                0x0000000000000836                _Z16setButtonAnyEdgePVhhh
                0x0000000000000868                _Z20setButtonFallingEdgePVhhh
                0x000000000000089a                _Z19setButtonRisingEdgePVhhh
                0x00000000000008c6                _Z15isButtonPressedPVhh
 .text          0x00000000000008fe       0x58 ../lib//libpackage.a(can.o)
                0x00000000000008fe                _ZN3canC2Ev
                0x00000000000008fe                _ZN3canC1Ev
                0x000000000000090a                _ZN3canD1Ev
                0x000000000000090a                _ZN3canD2Ev
                0x0000000000000910                _ZN3can7lectureEh
 .text          0x0000000000000956      0x112 ../lib//libpackage.a(led.o)
                0x0000000000000956                _ZN3LedC1EPVhS1_hh
                0x0000000000000956                _ZN3LedC2EPVhS1_hh
                0x000000000000098a                _ZN3Led12turnLedGreenEv
                0x00000000000009c2                _ZN3Led10turnLedRedEv
                0x00000000000009fa                _ZN3Led12turnLedAmberEv
                0x0000000000000a2e                _ZN3Led10turnLedOffEv
 .text          0x0000000000000a68      0x20c ../lib//libpackage.a(pwm.o)
                0x0000000000000a68                _ZN3PWM8ajustPWMEff
                0x0000000000000b6c                _ZN3PWMD1Ev
                0x0000000000000b6c                _ZN3PWMD2Ev
                0x0000000000000b6e                _ZN3PWMC2Ev
                0x0000000000000b6e                _ZN3PWMC1Ev
                0x0000000000000b76                _ZN3PWM15setForwardRightEv
                0x0000000000000b7a                _ZN3PWM14setForwardLeftEv
                0x0000000000000b7e                _ZN3PWM13setForwardAllEv
                0x0000000000000b96                _ZN3PWM16setBackwardRightEv
                0x0000000000000b9a                _ZN3PWM15setBackwardLeftEv
                0x0000000000000b9e                _ZN3PWM14setBackwardAllEv
                0x0000000000000bb6                _ZN3PWM12setDirectionEh
                0x0000000000000c6e                _ZN3PWM5ratioEh
 .text          0x0000000000000c74      0x388 ../lib//libpackage.a(memoire_24.o)
                0x0000000000000c74                _ZN13Memoire24CXXXD2Ev
                0x0000000000000c74                _ZN13Memoire24CXXXD1Ev
                0x0000000000000c76                _ZN13Memoire24CXXX4initEv
                0x0000000000000c88                _ZN13Memoire24CXXXC2Ev
                0x0000000000000c88                _ZN13Memoire24CXXXC1Ev
                0x0000000000000c94                _ZN13Memoire24CXXX12choisir_bancEh
                0x0000000000000caa                _ZN13Memoire24CXXX7lectureEjPh
                0x0000000000000d6c                _ZN13Memoire24CXXX7lectureEjPhh
                0x0000000000000e36                _ZN13Memoire24CXXX8ecritureEjh
                0x0000000000000ec6                _ZN13Memoire24CXXX11ecrire_pageEjPhh
                0x0000000000000f88                _ZN13Memoire24CXXX8ecritureEjPhh
                0x0000000000000fd2                _ZN13Memoire24CXXX16transmissionUARTEh
                0x0000000000000fe0                _ZN13Memoire24CXXX18initialisationUARTEv
 .text          0x0000000000000ffc       0x58 ../lib//libpackage.a(debug.o)
                0x0000000000000ffc                _Z10printDebugPKc
 .text          0x0000000000001054      0x21a ../lib//libpackage.a(piezo.o)
                0x0000000000001054                _ZN5Piezo9playSoundEh
                0x0000000000001262                _ZN5Piezo9stopSoundEv
 .text          0x000000000000126e        0x0 /usr/lib/gcc/avr/11.2.0/avr5/libgcc.a(_exit.o)
 .text          0x000000000000126e        0x0 /usr/lib/gcc/avr/11.2.0/avr5/libgcc.a(_tablejump2.o)
 .text          0x000000000000126e        0x0 /usr/lib/gcc/avr/11.2.0/avr5/libgcc.a(_copy_data.o)
 .text          0x000000000000126e        0x0 /usr/lib/gcc/avr/11.2.0/avr5/libgcc.a(_clear_bss.o)
 .text          0x000000000000126e        0x0 /usr/lib/gcc/avr/11.2.0/../../../../avr/lib/avr5/libm.a(addsf3.o)
 .text          0x000000000000126e        0x0 /usr/lib/gcc/avr/11.2.0/../../../../avr/lib/avr5/libm.a(addsf3x.o)
 .text          0x000000000000126e        0x0 /usr/lib/gcc/avr/11.2.0/../../../../avr/lib/avr5/libm.a(divsf3.o)
 .text          0x000000000000126e        0x0 /usr/lib/gcc/avr/11.2.0/../../../../avr/lib/avr5/libm.a(divsf3x.o)
 .text          0x000000000000126e        0x0 /usr/lib/gcc/avr/11.2.0/../../../../avr/lib/avr5/libm.a(fixunssfsi.o)
 .text          0x000000000000126e        0x0 /usr/lib/gcc/avr/11.2.0/../../../../avr/lib/avr5/libm.a(floatsisf.o)
 .text          0x000000000000126e        0x0 /usr/lib/gcc/avr/11.2.0/../../../../avr/lib/avr5/libm.a(fp_inf.o)
 .text          0x000000000000126e        0x0 /usr/lib/gcc/avr/11.2.0/../../../../avr/lib/avr5/libm.a(fp_nan.o)
 .text          0x000000000000126e        0x0 /usr/lib/gcc/avr/11.2.0/../../../../avr/lib/avr5/libm.a(fp_pscA.o)
 .text          0x000000000000126e        0x0 /usr/lib/gcc/avr/11.2.0/../../../../avr/lib/avr5/libm.a(fp_pscB.o)
 .text          0x000000000000126e        0x0 /usr/lib/gcc/avr/11.2.0/../../../../avr/lib/avr5/libm.a(fp_round.o)
 .text          0x000000000000126e        0x0 /usr/lib/gcc/avr/11.2.0/../../../../avr/lib/avr5/libm.a(fp_split3.o)
 .text          0x000000000000126e        0x0 /usr/lib/gcc/avr/11.2.0/../../../../avr/lib/avr5/libm.a(fp_zero.o)
 .text          0x000000000000126e        0x0 /usr/lib/gcc/avr/11.2.0/../../../../avr/lib/avr5/libm.a(mulsf3.o)
 .text          0x000000000000126e        0x0 /usr/lib/gcc/avr/11.2.0/../../../../avr/lib/avr5/libm.a(mulsf3x.o)
 .text          0x000000000000126e        0x0 /usr/lib/gcc/avr/11.2.0/../../../../avr/lib/avr5/libc.a(sprintf.o)
 .text          0x000000000000126e        0x0 /usr/lib/gcc/avr/11.2.0/../../../../avr/lib/avr5/libc.a(vfprintf_std.o)
 .text          0x000000000000126e        0x0 /usr/lib/gcc/avr/11.2.0/../../../../avr/lib/avr5/libc.a(strnlen_P.o)
 .text          0x000000000000126e        0x0 /usr/lib/gcc/avr/11.2.0/../../../../avr/lib/avr5/libc.a(strnlen.o)
 .text          0x000000000000126e        0x0 /usr/lib/gcc/avr/11.2.0/../../../../avr/lib/avr5/libc.a(fputc.o)
 .text          0x000000000000126e        0x0 /usr/lib/gcc/avr/11.2.0/../../../../avr/lib/avr5/libc.a(ultoa_invert.o)
 .text          0x000000000000126e        0x0 /usr/lib/gcc/avr/11.2.0/avr5/libgcc.a(_prologue.o)
 .text          0x000000000000126e        0x0 /usr/lib/gcc/avr/11.2.0/avr5/libgcc.a(_epilogue.o)
                0x000000000000126e                . = ALIGN (0x2)
 *(.text.*)
 .text.startup  0x000000000000126e       0x34 detection.o
                0x000000000000126e                main
 .text.libgcc.mul
                0x00000000000012a2        0x0 /usr/lib/gcc/avr/11.2.0/avr5/libgcc.a(_exit.o)
 .text.libgcc.div
                0x00000000000012a2        0x0 /usr/lib/gcc/avr/11.2.0/avr5/libgcc.a(_exit.o)
 .text.libgcc   0x00000000000012a2        0x0 /usr/lib/gcc/avr/11.2.0/avr5/libgcc.a(_exit.o)
 .text.libgcc.prologue
                0x00000000000012a2        0x0 /usr/lib/gcc/avr/11.2.0/avr5/libgcc.a(_exit.o)
 .text.libgcc.builtins
                0x00000000000012a2        0x0 /usr/lib/gcc/avr/11.2.0/avr5/libgcc.a(_exit.o)
 .text.libgcc.fmul
                0x00000000000012a2        0x0 /usr/lib/gcc/avr/11.2.0/avr5/libgcc.a(_exit.o)
 .text.libgcc.fixed
                0x00000000000012a2        0x0 /usr/lib/gcc/avr/11.2.0/avr5/libgcc.a(_exit.o)
 .text.libgcc.mul
                0x00000000000012a2        0x0 /usr/lib/gcc/avr/11.2.0/avr5/libgcc.a(_tablejump2.o)
 .text.libgcc.div
                0x00000000000012a2        0x0 /usr/lib/gcc/avr/11.2.0/avr5/libgcc.a(_tablejump2.o)
 .text.libgcc   0x00000000000012a2        0xc /usr/lib/gcc/avr/11.2.0/avr5/libgcc.a(_tablejump2.o)
                0x00000000000012a2                __tablejump2__
 .text.libgcc.prologue
                0x00000000000012ae        0x0 /usr/lib/gcc/avr/11.2.0/avr5/libgcc.a(_tablejump2.o)
 .text.libgcc.builtins
                0x00000000000012ae        0x0 /usr/lib/gcc/avr/11.2.0/avr5/libgcc.a(_tablejump2.o)
 .text.libgcc.fmul
                0x00000000000012ae        0x0 /usr/lib/gcc/avr/11.2.0/avr5/libgcc.a(_tablejump2.o)
 .text.libgcc.fixed
                0x00000000000012ae        0x0 /usr/lib/gcc/avr/11.2.0/avr5/libgcc.a(_tablejump2.o)
 .text.libgcc.mul
                0x00000000000012ae        0x0 /usr/lib/gcc/avr/11.2.0/avr5/libgcc.a(_copy_data.o)
 .text.libgcc.div
                0x00000000000012ae        0x0 /usr/lib/gcc/avr/11.2.0/avr5/libgcc.a(_copy_data.o)
 .text.libgcc   0x00000000000012ae        0x0 /usr/lib/gcc/avr/11.2.0/avr5/libgcc.a(_copy_data.o)
 .text.libgcc.prologue
                0x00000000000012ae        0x0 /usr/lib/gcc/avr/11.2.0/avr5/libgcc.a(_copy_data.o)
 .text.libgcc.builtins
                0x00000000000012ae        0x0 /usr/lib/gcc/avr/11.2.0/avr5/libgcc.a(_copy_data.o)
 .text.libgcc.fmul
                0x00000000000012ae        0x0 /usr/lib/gcc/avr/11.2.0/avr5/libgcc.a(_copy_data.o)
 .text.libgcc.fixed
                0x00000000000012ae        0x0 /usr/lib/gcc/avr/11.2.0/avr5/libgcc.a(_copy_data.o)
 .text.libgcc.mul
                0x00000000000012ae        0x0 /usr/lib/gcc/avr/11.2.0/avr5/libgcc.a(_clear_bss.o)
 .text.libgcc.div
                0x00000000000012ae        0x0 /usr/lib/gcc/avr/11.2.0/avr5/libgcc.a(_clear_bss.o)
 .text.libgcc   0x00000000000012ae        0x0 /usr/lib/gcc/avr/11.2.0/avr5/libgcc.a(_clear_bss.o)
 .text.libgcc.prologue
                0x00000000000012ae        0x0 /usr/lib/gcc/avr/11.2.0/avr5/libgcc.a(_clear_bss.o)
 .text.libgcc.builtins
                0x00000000000012ae        0x0 /usr/lib/gcc/avr/11.2.0/avr5/libgcc.a(_clear_bss.o)
 .text.libgcc.fmul
                0x00000000000012ae        0x0 /usr/lib/gcc/avr/11.2.0/avr5/libgcc.a(_clear_bss.o)
 .text.libgcc.fixed
                0x00000000000012ae        0x0 /usr/lib/gcc/avr/11.2.0/avr5/libgcc.a(_clear_bss.o)
 .text.avr-libc.fplib
                0x00000000000012ae        0xe /usr/lib/gcc/avr/11.2.0/../../../../avr/lib/avr5/libm.a(addsf3.o)
                0x00000000000012ae                __subsf3
                0x00000000000012b0                __addsf3
 .text.avr-libc.fplib
                0x00000000000012bc       0xcc /usr/lib/gcc/avr/11.2.0/../../../../avr/lib/avr5/libm.a(addsf3x.o)
                0x00000000000012de                __addsf3x
 .text.avr-libc.fplib
                0x0000000000001388        0x8 /usr/lib/gcc/avr/11.2.0/../../../../avr/lib/avr5/libm.a(divsf3.o)
                0x0000000000001388                __divsf3
 .text.avr-libc.fplib
                0x0000000000001390       0xdc /usr/lib/gcc/avr/11.2.0/../../../../avr/lib/avr5/libm.a(divsf3x.o)
                0x00000000000013b0                __divsf3x
                0x00000000000013b6                __divsf3_pse
 .text.avr-libc.fplib
                0x000000000000146c       0x5e /usr/lib/gcc/avr/11.2.0/../../../../avr/lib/avr5/libm.a(fixunssfsi.o)
                0x000000000000146c                __fixunssfsi
 .text.avr-libc.fplib
                0x00000000000014ca       0x7a /usr/lib/gcc/avr/11.2.0/../../../../avr/lib/avr5/libm.a(floatsisf.o)
                0x00000000000014ca                __floatunsisf
                0x00000000000014ce                __floatsisf
 .text.avr-libc.fplib
                0x0000000000001544        0xc /usr/lib/gcc/avr/11.2.0/../../../../avr/lib/avr5/libm.a(fp_inf.o)
                0x0000000000001544                __fp_inf
 .text.avr-libc.fplib
                0x0000000000001550        0x6 /usr/lib/gcc/avr/11.2.0/../../../../avr/lib/avr5/libm.a(fp_nan.o)
                0x0000000000001550                __fp_nan
 .text.avr-libc.fplib
                0x0000000000001556        0xe /usr/lib/gcc/avr/11.2.0/../../../../avr/lib/avr5/libm.a(fp_pscA.o)
                0x0000000000001556                __fp_pscA
 .text.avr-libc.fplib
                0x0000000000001564        0xe /usr/lib/gcc/avr/11.2.0/../../../../avr/lib/avr5/libm.a(fp_pscB.o)
                0x0000000000001564                __fp_pscB
 .text.avr-libc.fplib
                0x0000000000001572       0x22 /usr/lib/gcc/avr/11.2.0/../../../../avr/lib/avr5/libm.a(fp_round.o)
                0x0000000000001572                __fp_round
 .text.avr-libc.fplib
                0x0000000000001594       0x44 /usr/lib/gcc/avr/11.2.0/../../../../avr/lib/avr5/libm.a(fp_split3.o)
                0x0000000000001594                __fp_split3
                0x00000000000015a4                __fp_splitA
 .text.avr-libc.fplib
                0x00000000000015d8        0xe /usr/lib/gcc/avr/11.2.0/../../../../avr/lib/avr5/libm.a(fp_zero.o)
                0x00000000000015d8                __fp_zero
                0x00000000000015da                __fp_szero
 .text.avr-libc.fplib
                0x00000000000015e6        0x8 /usr/lib/gcc/avr/11.2.0/../../../../avr/lib/avr5/libm.a(mulsf3.o)
                0x00000000000015e6                __mulsf3
 .text.avr-libc.fplib
                0x00000000000015ee       0xd2 /usr/lib/gcc/avr/11.2.0/../../../../avr/lib/avr5/libm.a(mulsf3x.o)
                0x000000000000160c                __mulsf3x
                0x0000000000001612                __mulsf3_pse
 .text.avr-libc
                0x00000000000016c0       0x46 /usr/lib/gcc/avr/11.2.0/../../../../avr/lib/avr5/libc.a(sprintf.o)
                0x00000000000016c0                sprintf
 .text.avr-libc
                0x0000000000001706      0x3a6 /usr/lib/gcc/avr/11.2.0/../../../../avr/lib/avr5/libc.a(vfprintf_std.o)
                0x0000000000001706                vfprintf
 .text.avr-libc
                0x0000000000001aac       0x16 /usr/lib/gcc/avr/11.2.0/../../../../avr/lib/avr5/libc.a(strnlen_P.o)
                0x0000000000001aac                strnlen_P
 .text.avr-libc
                0x0000000000001ac2       0x16 /usr/lib/gcc/avr/11.2.0/../../../../avr/lib/avr5/libc.a(strnlen.o)
                0x0000000000001ac2                strnlen
 .text.avr-libc
                0x0000000000001ad8       0x60 /usr/lib/gcc/avr/11.2.0/../../../../avr/lib/avr5/libc.a(fputc.o)
                0x0000000000001ad8                fputc
 .text.avr-libc
                0x0000000000001b38       0xbc /usr/lib/gcc/avr/11.2.0/../../../../avr/lib/avr5/libc.a(ultoa_invert.o)
                0x0000000000001b38                __ultoa_invert
 .text.libgcc.mul
                0x0000000000001bf4        0x0 /usr/lib/gcc/avr/11.2.0/avr5/libgcc.a(_prologue.o)
 .text.libgcc.div
                0x0000000000001bf4        0x0 /usr/lib/gcc/avr/11.2.0/avr5/libgcc.a(_prologue.o)
 .text.libgcc   0x0000000000001bf4        0x0 /usr/lib/gcc/avr/11.2.0/avr5/libgcc.a(_prologue.o)
 .text.libgcc.prologue
                0x0000000000001bf4       0x38 /usr/lib/gcc/avr/11.2.0/avr5/libgcc.a(_prologue.o)
                0x0000000000001bf4                __prologue_saves__
 .text.libgcc.builtins
                0x0000000000001c2c        0x0 /usr/lib/gcc/avr/11.2.0/avr5/libgcc.a(_prologue.o)
 .text.libgcc.fmul
                0x0000000000001c2c        0x0 /usr/lib/gcc/avr/11.2.0/avr5/libgcc.a(_prologue.o)
 .text.libgcc.fixed
                0x0000000000001c2c        0x0 /usr/lib/gcc/avr/11.2.0/avr5/libgcc.a(_prologue.o)
 .text.libgcc.mul
                0x0000000000001c2c        0x0 /usr/lib/gcc/avr/11.2.0/avr5/libgcc.a(_epilogue.o)
 .text.libgcc.div
                0x0000000000001c2c        0x0 /usr/lib/gcc/avr/11.2.0/avr5/libgcc.a(_epilogue.o)
 .text.libgcc   0x0000000000001c2c        0x0 /usr/lib/gcc/avr/11.2.0/avr5/libgcc.a(_epilogue.o)
 .text.libgcc.prologue
                0x0000000000001c2c       0x36 /usr/lib/gcc/avr/11.2.0/avr5/libgcc.a(_epilogue.o)
                0x0000000000001c2c                __epilogue_restores__
 .text.libgcc.builtins
                0x0000000000001c62        0x0 /usr/lib/gcc/avr/11.2.0/avr5/libgcc.a(_epilogue.o)
 .text.libgcc.fmul
                0x0000000000001c62        0x0 /usr/lib/gcc/avr/11.2.0/avr5/libgcc.a(_epilogue.o)
 .text.libgcc.fixed
                0x0000000000001c62        0x0 /usr/lib/gcc/avr/11.2.0/avr5/libgcc.a(_epilogue.o)
                0x0000000000001c62                . = ALIGN (0x2)
 *(.fini9)
 .fini9         0x0000000000001c62        0x0 /usr/lib/gcc/avr/11.2.0/avr5/libgcc.a(_exit.o)
                0x0000000000001c62                exit
                0x0000000000001c62                _exit
 *(.fini9)
 *(.fini8)
 *(.fini8)
 *(.fini7)
 *(.fini7)
 *(.fini6)
 *(.fini6)
 *(.fini5)
 *(.fini5)
 *(.fini4)
 *(.fini4)
 *(.fini3)
 *(.fini3)
 *(.fini2)
 *(.fini2)
 *(.fini1)
 *(.fini1)
 *(.fini0)
 .fini0         0x0000000000001c62        0x4 /usr/lib/gcc/avr/11.2.0/avr5/libgcc.a(_exit.o)
 *(.fini0)
 *(.hightext)
 *(.hightext*)
 *(.progmemx.*)
                0x0000000000001c66                . = ALIGN (0x2)
 *(.jumptables)
 *(.jumptables*)
 .jumptables.gcc._ZN9Detection8savePoleEh
                0x0000000000001c66       0x10 detection.o
 .jumptables.gcc._ZN5Piezo9playSoundEh
                0x0000000000001c76       0x4a ../lib//libpackage.a(piezo.o)
                0x0000000000001cc0                _etext = .

.data           0x0000000000800100        0x6 load address 0x0000000000001cc0
                0x0000000000800100                PROVIDE (__data_start = .)
 *(.data)
 .data          0x0000000000800100        0x0 /usr/lib/gcc/avr/11.2.0/../../../../avr/lib/avr5/crtatmega324pa.o
 .data          0x0000000000800100        0x0 detection.o
 .data          0x0000000000800100        0x0 ../lib//libpackage.a(button.o)
 .data          0x0000000000800100        0x0 ../lib//libpackage.a(can.o)
 .data          0x0000000000800100        0x0 ../lib//libpackage.a(led.o)
 .data          0x0000000000800100        0x0 ../lib//libpackage.a(pwm.o)
 .data          0x0000000000800100        0x1 ../lib//libpackage.a(memoire_24.o)
                0x0000000000800100                _ZN13Memoire24CXXX22m_adresse_peripheriqueE
 .data          0x0000000000800101        0x0 ../lib//libpackage.a(debug.o)
 .data          0x0000000000800101        0x0 ../lib//libpackage.a(piezo.o)
 .data          0x0000000000800101        0x0 /usr/lib/gcc/avr/11.2.0/avr5/libgcc.a(_exit.o)
 .data          0x0000000000800101        0x0 /usr/lib/gcc/avr/11.2.0/avr5/libgcc.a(_tablejump2.o)
 .data          0x0000000000800101        0x0 /usr/lib/gcc/avr/11.2.0/avr5/libgcc.a(_copy_data.o)
 .data          0x0000000000800101        0x0 /usr/lib/gcc/avr/11.2.0/avr5/libgcc.a(_clear_bss.o)
 .data          0x0000000000800101        0x0 /usr/lib/gcc/avr/11.2.0/../../../../avr/lib/avr5/libm.a(addsf3.o)
 .data          0x0000000000800101        0x0 /usr/lib/gcc/avr/11.2.0/../../../../avr/lib/avr5/libm.a(addsf3x.o)
 .data          0x0000000000800101        0x0 /usr/lib/gcc/avr/11.2.0/../../../../avr/lib/avr5/libm.a(divsf3.o)
 .data          0x0000000000800101        0x0 /usr/lib/gcc/avr/11.2.0/../../../../avr/lib/avr5/libm.a(divsf3x.o)
 .data          0x0000000000800101        0x0 /usr/lib/gcc/avr/11.2.0/../../../../avr/lib/avr5/libm.a(fixunssfsi.o)
 .data          0x0000000000800101        0x0 /usr/lib/gcc/avr/11.2.0/../../../../avr/lib/avr5/libm.a(floatsisf.o)
 .data          0x0000000000800101        0x0 /usr/lib/gcc/avr/11.2.0/../../../../avr/lib/avr5/libm.a(fp_inf.o)
 .data          0x0000000000800101        0x0 /usr/lib/gcc/avr/11.2.0/../../../../avr/lib/avr5/libm.a(fp_nan.o)
 .data          0x0000000000800101        0x0 /usr/lib/gcc/avr/11.2.0/../../../../avr/lib/avr5/libm.a(fp_pscA.o)
 .data          0x0000000000800101        0x0 /usr/lib/gcc/avr/11.2.0/../../../../avr/lib/avr5/libm.a(fp_pscB.o)
 .data          0x0000000000800101        0x0 /usr/lib/gcc/avr/11.2.0/../../../../avr/lib/avr5/libm.a(fp_round.o)
 .data          0x0000000000800101        0x0 /usr/lib/gcc/avr/11.2.0/../../../../avr/lib/avr5/libm.a(fp_split3.o)
 .data          0x0000000000800101        0x0 /usr/lib/gcc/avr/11.2.0/../../../../avr/lib/avr5/libm.a(fp_zero.o)
 .data          0x0000000000800101        0x0 /usr/lib/gcc/avr/11.2.0/../../../../avr/lib/avr5/libm.a(mulsf3.o)
 .data          0x0000000000800101        0x0 /usr/lib/gcc/avr/11.2.0/../../../../avr/lib/avr5/libm.a(mulsf3x.o)
 .data          0x0000000000800101        0x0 /usr/lib/gcc/avr/11.2.0/../../../../avr/lib/avr5/libc.a(sprintf.o)
 .data          0x0000000000800101        0x0 /usr/lib/gcc/avr/11.2.0/../../../../avr/lib/avr5/libc.a(vfprintf_std.o)
 .data          0x0000000000800101        0x0 /usr/lib/gcc/avr/11.2.0/../../../../avr/lib/avr5/libc.a(strnlen_P.o)
 .data          0x0000000000800101        0x0 /usr/lib/gcc/avr/11.2.0/../../../../avr/lib/avr5/libc.a(strnlen.o)
 .data          0x0000000000800101        0x0 /usr/lib/gcc/avr/11.2.0/../../../../avr/lib/avr5/libc.a(fputc.o)
 .data          0x0000000000800101        0x0 /usr/lib/gcc/avr/11.2.0/../../../../avr/lib/avr5/libc.a(ultoa_invert.o)
 .data          0x0000000000800101        0x0 /usr/lib/gcc/avr/11.2.0/avr5/libgcc.a(_prologue.o)
 .data          0x0000000000800101        0x0 /usr/lib/gcc/avr/11.2.0/avr5/libgcc.a(_epilogue.o)
 *(.data*)
 *(.gnu.linkonce.d*)
 *(.rodata)
 *(.rodata*)
 .rodata.str1.1
                0x0000000000800101        0x4 detection.o
 *(.gnu.linkonce.r*)
                0x0000000000800106                . = ALIGN (0x2)
 *fill*         0x0000000000800105        0x1 
                0x0000000000800106                _edata = .
                0x0000000000800106                PROVIDE (__data_end = .)

.bss            0x0000000000800106        0x1
                0x0000000000800106                PROVIDE (__bss_start = .)
 *(.bss)
 .bss           0x0000000000800106        0x0 /usr/lib/gcc/avr/11.2.0/../../../../avr/lib/avr5/crtatmega324pa.o
 .bss           0x0000000000800106        0x1 detection.o
                0x0000000000800106                gButtonPressed
 .bss           0x0000000000800107        0x0 ../lib//libpackage.a(button.o)
 .bss           0x0000000000800107        0x0 ../lib//libpackage.a(can.o)
 .bss           0x0000000000800107        0x0 ../lib//libpackage.a(led.o)
 .bss           0x0000000000800107        0x0 ../lib//libpackage.a(pwm.o)
 .bss           0x0000000000800107        0x0 ../lib//libpackage.a(memoire_24.o)
 .bss           0x0000000000800107        0x0 ../lib//libpackage.a(debug.o)
 .bss           0x0000000000800107        0x0 ../lib//libpackage.a(piezo.o)
 .bss           0x0000000000800107        0x0 /usr/lib/gcc/avr/11.2.0/avr5/libgcc.a(_exit.o)
 .bss           0x0000000000800107        0x0 /usr/lib/gcc/avr/11.2.0/avr5/libgcc.a(_tablejump2.o)
 .bss           0x0000000000800107        0x0 /usr/lib/gcc/avr/11.2.0/avr5/libgcc.a(_copy_data.o)
 .bss           0x0000000000800107        0x0 /usr/lib/gcc/avr/11.2.0/avr5/libgcc.a(_clear_bss.o)
 .bss           0x0000000000800107        0x0 /usr/lib/gcc/avr/11.2.0/../../../../avr/lib/avr5/libm.a(addsf3.o)
 .bss           0x0000000000800107        0x0 /usr/lib/gcc/avr/11.2.0/../../../../avr/lib/avr5/libm.a(addsf3x.o)
 .bss           0x0000000000800107        0x0 /usr/lib/gcc/avr/11.2.0/../../../../avr/lib/avr5/libm.a(divsf3.o)
 .bss           0x0000000000800107        0x0 /usr/lib/gcc/avr/11.2.0/../../../../avr/lib/avr5/libm.a(divsf3x.o)
 .bss           0x0000000000800107        0x0 /usr/lib/gcc/avr/11.2.0/../../../../avr/lib/avr5/libm.a(fixunssfsi.o)
 .bss           0x0000000000800107        0x0 /usr/lib/gcc/avr/11.2.0/../../../../avr/lib/avr5/libm.a(floatsisf.o)
 .bss           0x0000000000800107        0x0 /usr/lib/gcc/avr/11.2.0/../../../../avr/lib/avr5/libm.a(fp_inf.o)
 .bss           0x0000000000800107        0x0 /usr/lib/gcc/avr/11.2.0/../../../../avr/lib/avr5/libm.a(fp_nan.o)
 .bss           0x0000000000800107        0x0 /usr/lib/gcc/avr/11.2.0/../../../../avr/lib/avr5/libm.a(fp_pscA.o)
 .bss           0x0000000000800107        0x0 /usr/lib/gcc/avr/11.2.0/../../../../avr/lib/avr5/libm.a(fp_pscB.o)
 .bss           0x0000000000800107        0x0 /usr/lib/gcc/avr/11.2.0/../../../../avr/lib/avr5/libm.a(fp_round.o)
 .bss           0x0000000000800107        0x0 /usr/lib/gcc/avr/11.2.0/../../../../avr/lib/avr5/libm.a(fp_split3.o)
 .bss           0x0000000000800107        0x0 /usr/lib/gcc/avr/11.2.0/../../../../avr/lib/avr5/libm.a(fp_zero.o)
 .bss           0x0000000000800107        0x0 /usr/lib/gcc/avr/11.2.0/../../../../avr/lib/avr5/libm.a(mulsf3.o)
 .bss           0x0000000000800107        0x0 /usr/lib/gcc/avr/11.2.0/../../../../avr/lib/avr5/libm.a(mulsf3x.o)
 .bss           0x0000000000800107        0x0 /usr/lib/gcc/avr/11.2.0/../../../../avr/lib/avr5/libc.a(sprintf.o)
 .bss           0x0000000000800107        0x0 /usr/lib/gcc/avr/11.2.0/../../../../avr/lib/avr5/libc.a(vfprintf_std.o)
 .bss           0x0000000000800107        0x0 /usr/lib/gcc/avr/11.2.0/../../../../avr/lib/avr5/libc.a(strnlen_P.o)
 .bss           0x0000000000800107        0x0 /usr/lib/gcc/avr/11.2.0/../../../../avr/lib/avr5/libc.a(strnlen.o)
 .bss           0x0000000000800107        0x0 /usr/lib/gcc/avr/11.2.0/../../../../avr/lib/avr5/libc.a(fputc.o)
 .bss           0x0000000000800107        0x0 /usr/lib/gcc/avr/11.2.0/../../../../avr/lib/avr5/libc.a(ultoa_invert.o)
 .bss           0x0000000000800107        0x0 /usr/lib/gcc/avr/11.2.0/avr5/libgcc.a(_prologue.o)
 .bss           0x0000000000800107        0x0 /usr/lib/gcc/avr/11.2.0/avr5/libgcc.a(_epilogue.o)
 *(.bss*)
 *(COMMON)
                0x0000000000800107                PROVIDE (__bss_end = .)
                0x0000000000001cc0                __data_load_start = LOADADDR (.data)
                0x0000000000001cc6                __data_load_end = (__data_load_start + SIZEOF (.data))

.noinit         0x0000000000800107        0x0
                [!provide]                        PROVIDE (__noinit_start = .)
 *(.noinit .noinit.* .gnu.linkonce.n.*)
                [!provide]                        PROVIDE (__noinit_end = .)
                0x0000000000800107                _end = .
                [!provide]                        PROVIDE (__heap_start = .)

.eeprom         0x0000000000810000        0x0
 *(.eeprom*)
                0x0000000000810000                __eeprom_end = .

.fuse
 *(.fuse)
 *(.lfuse)
 *(.hfuse)
 *(.efuse)

.lock
 *(.lock*)

.signature
 *(.signature*)

.stab           0x0000000000000000     0x2f7c
 *(.stab)
 .stab          0x0000000000000000     0x1020 detection.o
 .stab          0x0000000000001020      0x390 ../lib//libpackage.a(button.o)
                                        0x39c (size before relaxing)
 .stab          0x00000000000013b0      0x1e0 ../lib//libpackage.a(can.o)
                                        0x1ec (size before relaxing)
 .stab          0x0000000000001590      0x3f0 ../lib//libpackage.a(led.o)
                                        0x3fc (size before relaxing)
 .stab          0x0000000000001980      0x474 ../lib//libpackage.a(pwm.o)
                                        0x480 (size before relaxing)
 .stab          0x0000000000001df4      0xcfc ../lib//libpackage.a(memoire_24.o)
                                        0xd08 (size before relaxing)
 .stab          0x0000000000002af0      0x174 ../lib//libpackage.a(debug.o)
                                        0x180 (size before relaxing)
 .stab          0x0000000000002c64      0x318 ../lib//libpackage.a(piezo.o)
                                        0x324 (size before relaxing)

.stabstr        0x0000000000000000     0x31ff
 *(.stabstr)
 .stabstr       0x0000000000000000     0x31ff detection.o

.stab.excl
 *(.stab.excl)

.stab.exclstr
 *(.stab.exclstr)

.stab.index
 *(.stab.index)

.stab.indexstr
 *(.stab.indexstr)

.comment        0x0000000000000000       0x23
 *(.comment)
 .comment       0x0000000000000000       0x23 detection.o
                                         0x24 (size before relaxing)
 .comment       0x0000000000000023       0x24 ../lib//libpackage.a(button.o)
 .comment       0x0000000000000023       0x24 ../lib//libpackage.a(can.o)
 .comment       0x0000000000000023       0x24 ../lib//libpackage.a(led.o)
 .comment       0x0000000000000023       0x24 ../lib//libpackage.a(pwm.o)
 .comment       0x0000000000000023       0x24 ../lib//libpackage.a(memoire_24.o)
 .comment       0x0000000000000023       0x24 ../lib//libpackage.a(debug.o)
 .comment       0x0000000000000023       0x24 ../lib//libpackage.a(piezo.o)
 .comment       0x0000000000000023       0x24 /usr/lib/gcc/avr/11.2.0/../../../../avr/lib/avr5/libc.a(sprintf.o)
 .comment       0x0000000000000023       0x24 /usr/lib/gcc/avr/11.2.0/../../../../avr/lib/avr5/libc.a(vfprintf_std.o)
 .comment       0x0000000000000023       0x24 /usr/lib/gcc/avr/11.2.0/../../../../avr/lib/avr5/libc.a(fputc.o)

.note.gnu.avr.deviceinfo
                0x0000000000000000       0x40
 .note.gnu.avr.deviceinfo
                0x0000000000000000       0x40 /usr/lib/gcc/avr/11.2.0/../../../../avr/lib/avr5/crtatmega324pa.o

.note.gnu.build-id
 *(.note.gnu.build-id)

.debug
 *(.debug)

.line
 *(.line)

.debug_srcinfo
 *(.debug_srcinfo)

.debug_sfnames
 *(.debug_sfnames)

.debug_aranges
 *(.debug_aranges)

.debug_pubnames
 *(.debug_pubnames)

.debug_info     0x0000000000000000      0x6cc
 *(.debug_info .gnu.linkonce.wi.*)
 .debug_info    0x0000000000000000      0x6cc /usr/lib/gcc/avr/11.2.0/../../../../avr/lib/avr5/crtatmega324pa.o

.debug_abbrev   0x0000000000000000      0x66e
 *(.debug_abbrev)
 .debug_abbrev  0x0000000000000000      0x66e /usr/lib/gcc/avr/11.2.0/../../../../avr/lib/avr5/crtatmega324pa.o

.debug_line     0x0000000000000000       0x1d
 *(.debug_line .debug_line.* .debug_line_end)
 .debug_line    0x0000000000000000       0x1d /usr/lib/gcc/avr/11.2.0/../../../../avr/lib/avr5/crtatmega324pa.o

.debug_frame
 *(.debug_frame)

.debug_str      0x0000000000000000      0x255
 *(.debug_str)
 .debug_str     0x0000000000000000      0x255 /usr/lib/gcc/avr/11.2.0/../../../../avr/lib/avr5/crtatmega324pa.o

.debug_loc
 *(.debug_loc)

.debug_macinfo
 *(.debug_macinfo)

.debug_weaknames
 *(.debug_weaknames)

.debug_funcnames
 *(.debug_funcnames)

.debug_typenames
 *(.debug_typenames)

.debug_varnames
 *(.debug_varnames)

.debug_pubtypes
 *(.debug_pubtypes)

.debug_ranges
 *(.debug_ranges)

.debug_addr
 *(.debug_addr)

.debug_line_str
 *(.debug_line_str)

.debug_loclists
 *(.debug_loclists)

.debug_macro
 *(.debug_macro)

.debug_names
 *(.debug_names)

.debug_rnglists
 *(.debug_rnglists)

.debug_str_offsets
 *(.debug_str_offsets)

.debug_sup
 *(.debug_sup)
OUTPUT(package.elf elf32-avr)
LOAD linker stubs
